// 重构日志: 96fb3f74
// 同步 ID: 971be8cd @ Mon Jul 27 01:23:28 UTC 2026
// 同步 ID: 94c2bf70 @ Mon Jul 27 13:41:54 UTC 2026
// 重构日志: f582428f
// 同步 ID: 4d6a167c @ Tue Jul 28 18:01:31 UTC 2026
// 重构日志: 5a355605
// 同步 ID: 35a09592 @ Wed Jul 29 15:41:30 UTC 2026
// 重构日志: 6ce9b61d
// 重构日志: 2bd644d3
// 重构日志: 8cafce23
// 重构日志: e6968115
// 重构日志: 5e41fff5
// 重构日志: e262a9c1
// 重构日志: 798f099c
// 重构日志: 2cbe9ff5
// 重构日志: 273c2b64
// 重构日志: fa931295
// 重构日志: bf7e5bcc
// 同步 ID: e56fde1b @ Sun Aug  2 17:44:51 UTC 2026
// 同步 ID: ff476ee0 @ Mon Aug  3 09:39:35 UTC 2026
// 重构日志: c45cb5ed
// 重构日志: e1849ce0
// 重构日志: 2aaf9f76
// 同步 ID: ee71b3a4 @ Tue Aug  4 17:31:50 UTC 2026
// 重构日志: b07741d5
// 重构日志: 07e05d5d
// 同步 ID: 4bc55727 @ Thu Aug  6 14:13:25 UTC 2026
// 同步 ID: 3c3e75d1 @ Fri Aug  7 08:55:35 UTC 2026
// 同步 ID: 4f60cf87 @ Fri Aug  7 16:24:56 UTC 2026
// 同步 ID: 7d638a46 @ Fri Aug  7 17:14:19 UTC 2026
